lowel@AcerLB:~/projets/projet_nosql_prot$ curl "http://localhost:5000/api/mongodb/search?q=cytochrome&limit=5"
{
  "count": 5,
  "limit": 5,
  "query": "cytochrome",
  "results": [
    {
      "_id": "693ec2e7dacef4c38477dcdb",
      "ec_numbers": [],
      "entry_name": "NDUA4_HUMAN",
      "identifier": "O00483",
      "interpro_domains": [
        "IPR010530"
      ],
      "is_labeled": false,
      "name": "Cytochrome c oxidase subunit NDUFA4 (Complex I-MLRQ) (CI-MLRQ) (NADH-ubiquinone oxidoreductase MLRQ subunit)",
      "organism": "Homo sapiens (Human)",
      "sequence": "MLRQIIGQAKKHPSLIPLFVFIGTGATGATLYLLRLALFNPDVCWDRNNPEPWNKLGPNDQYKFYSVNVDYSKLKKERPDF",
      "sequence_length": 81
    },
    {
      "_id": "693ec2e7dacef4c38477dd03",
      "ec_numbers": [],
      "entry_name": "DHSD_HUMAN",
      "identifier": "O14521",
      "interpro_domains": [
        "IPR007992",
        "IPR034804"
      ],
      "is_labeled": false,
      "name": "Succinate dehydrogenase [ubiquinone] cytochrome b small subunit, mitochondrial (CybS) (CII-4) (Malate dehydrogenase [quinone] cytochrome b small subunit) (QPs3) (Succinate dehydrogenase complex subunit D) (Succinate-ubiquinone oxidoreductase cytochrome b small subunit) (Succinate-ubiquinone reductase membrane anchor subunit)",
      "organism": "Homo sapiens (Human)",
      "sequence": "MAVLWRLSAVCGALGGRALLLRTPVVRPAHISAFLQDRPIPEWCGVQHIHLSPSHHSGSKAASLHWTSERVVSVLLLGLLPAAYLNPCSAMDYSLAAALTLHGHWGLGQVVTDYVHGDALQKAAKAGLLALSALTFAGLCYFNYHDVGICKAVAMLWKL",
      "sequence_length": 159
    },
    {
      "_id": "693ec2e7dacef4c38477dd07",
      "ec_numbers": [],
      "entry_name": "CO72L_HUMAN",
      "identifier": "O14548",
      "interpro_domains": [
        "IPR039297",
        "IPR017267",
        "IPR036539",
        "IPR003177"
      ],
      "is_labeled": false,
      "name": "Cytochrome c oxidase subunit 7A2-like, mitochondrial (Cytochrome c oxidase subunit 7A-related protein) (COX7a-related protein) (Cytochrome c oxidase subunit VIIa-related protein) (EB1) (Supercomplex assembly factor 1)",
      "organism": "Homo sapiens (Human)",
      "sequence": "MYYKFSGFTQKLAGAWASEAYSPQGLKPVVSTEAPPIIFATPTKLTSDSTVYDYAGKNKVPELQKFFQKADGVPVYLKRGLPDQMLYRTTMALTVGGTIYCLIALYMASQPKNK",
      "sequence_length": 114
    },
    {
      "_id": "693ec2e7dacef4c38477dd0b",
      "ec_numbers": [
        "7.2.1.3"
      ],
      "entry_name": "C56D2_HUMAN",
      "identifier": "O14569",
      "interpro_domains": [
        "IPR045150",
        "IPR006593"
      ],
      "is_labeled": true,
      "name": "Transmembrane reductase CYB561D2 (EC 7.2.1.3) (Cytochrome b561 domain-containing protein 2) (Putative tumor suppressor protein 101F6)",
      "organism": "Homo sapiens (Human)",
      "sequence": "MALSAETESHIYRALRTASGAAAHLVALGFTIFVAVLARPGSSLFSWHPVLMSLAFSFLMTEALLVFSPESSLLHSLSRKGRARCHWVLQLLALLCALLGLGLVILHKEQLGKAHLVTRHGQAGLLAVLWAGLQCSGGVGLLYPKLLPRWPLAKLKLYHATSGLVGYLLGSASLLLGMCSLWFTASVTGAAWYLAVLCPVLTSLVIMNQVSNAYLYRKRIQP",
      "sequence_length": 222
    },
    {
      "_id": "693ec2e7dacef4c38477dd52",
      "ec_numbers": [],
      "entry_name": "QCR8_HUMAN",
      "identifier": "O14949",
      "interpro_domains": [
        "IPR004205",
        "IPR036642"
      ],
      "is_labeled": false,
      "name": "Cytochrome b-c1 complex subunit 8 (Complex III subunit 8) (Complex III subunit VIII) (Ubiquinol-cytochrome c reductase complex 9.5 kDa protein) (Ubiquinol-cytochrome c reductase complex ubiquinone-binding protein QP-C)",
      "organism": "Homo sapiens (Human)",
      "sequence": "MGREFGNLTRMRHVISYSLSPFEQRAYPHVFTKGIPNVLRRIRESFFRVVPQFVVFYLIYTWGTEEFERSKRKNPAAYENDK",
      "sequence_length": 82
    }
  ]
}
lowel@AcerLB:~/projets/projet_nosql_prot$ curl "http://localhost:5000/api/mongodb/protein/A0A087X1C5"
{
  "error": "Protein not found"
}
lowel@AcerLB:~/projets/projet_nosql_prot$ curl "http://localhost:5000/api/neo4j/neighbors/A0A087X1C5?depth=1"
{
  "error": "Protein not found in graph"
}
lowel@AcerLB:~/projets/projet_nosql_prot$ curl "http://localhost:5000/api/mongodb/protein/A0A0B4J2F0"
{
  "_id": "693ec2e7dacef4c38477dc3a",
  "ec_numbers": [],
  "entry_name": "PIOS1_HUMAN",
  "identifier": "A0A0B4J2F0",
  "interpro_domains": [],
  "is_labeled": false,
  "name": "Protein PIGBOS1 (PIGB opposite strand protein 1)",
  "organism": "Homo sapiens (Human)",
  "sequence": "MFRRLTFAQLLFATVLGIAGGVYIFQPVFEQYAKDQKELKEKMQLVQESEEKKS",
  "sequence_length": 54
}
lowel@AcerLB:~/projets/projet_nosql_prot$ curl "http://localhost:5000/api/neo4j/neighbors/A0A0B4J2F0?depth=1"
{
  "error": "Protein not found in graph"
}
lowel@AcerLB:~/projets/projet_nosql_prot$ curl "http://localhost:5000/api/neo4j/neighbors/A0A0B4J2F0?depth=1"
{
  "error": "Protein not found in graph"
}
lowel@AcerLB:~/projets/projet_nosql_prot$ curl "http://localhost:5000/api/neo4j/neighborhood/A0A0B4J2F0?depth=2&min_weight=0.2"
{
  "error": "Protein not found in graph"
}
lowel@AcerLB:~/projets/projet_nosql_prot$ curl "http://localhost:5000/api/statistics/overview"
{
  "mongodb": {
    "average_sequence_length": 281.98,
    "labeled_percentage": 18.95,
    "labeled_proteins": 2344,
    "top_domains": [
      {
        "count": 710,
        "domain": "IPR017452"
      },
      {
        "count": 695,
        "domain": "IPR000276"
      },
      {
        "count": 602,
        "domain": "IPR013783"
      },
      {
        "count": 559,
        "domain": "IPR036179"
      },
      {
        "count": 499,
        "domain": "IPR007110"
      },
      {
        "count": 430,
        "domain": "IPR000725"
      },
      {
        "count": 388,
        "domain": "IPR013106"
      },
      {
        "count": 359,
        "domain": "IPR027417"
      },
      {
        "count": 271,
        "domain": "IPR013087"
      },
      {
        "count": 267,
        "domain": "IPR003599"
      }
    ],
    "top_ec_numbers": [
      {
        "count": 116,
        "ec_number": "2.3.2.27"
      },
      {
        "count": 94,
        "ec_number": "3.6.5.2"
      },
      {
        "count": 77,
        "ec_number": "2.7.11.1"
      },
      {
        "count": 65,
        "ec_number": "2.1.1.-"
      },
      {
        "count": 60,
        "ec_number": "3.1.3.16"
      },
      {
        "count": 46,
        "ec_number": "3.4.21.-"
      },
      {
        "count": 46,
        "ec_number": "2.3.1.-"
      },
      {
        "count": 41,
        "ec_number": "3.1.3.48"
      },
      {
        "count": 39,
        "ec_number": "3.6.5.-"
      },
      {
        "count": 38,
        "ec_number": "3.1.-.-"
      }
    ],
    "total_proteins": 12369,
    "unlabeled_proteins": 10025
  },
  "neo4j": {
    "average_degree": 121.72,
    "isolated_percentage": 12.94,
    "isolated_proteins": 1518,
    "labeled_percentage": 19.98,
    "labeled_proteins": 2344,
    "top_connected_proteins": [
      {
        "degree": 733,
        "protein_id": "Q9NYW3",
        "protein_name": "Taste receptor type 2 member 7 (T2R7) (Taste receptor family B member 4) (TRB4)"
      },
      {
        "degree": 733,
        "protein_id": "Q7RTR8",
        "protein_name": "Taste receptor type 2 member 42 (T2R42) (Taste receptor type 2 member 55) (T2R55)"
      },
      {
        "degree": 733,
        "protein_id": "Q9NYW1",
        "protein_name": "Taste receptor type 2 member 9 (T2R9) (Taste receptor family B member 6) (TRB6)"
      },
      {
        "degree": 733,
        "protein_id": "Q9NYW2",
        "protein_name": "Taste receptor type 2 member 8 (T2R8) (Taste receptor family B member 5) (TRB5)"
      },
      {
        "degree": 722,
        "protein_id": "Q5UAW9",
        "protein_name": "G-protein coupled receptor 157"
      },
      {
        "degree": 710,
        "protein_id": "Q8NFZ6",
        "protein_name": "Vomeronasal type-1 receptor 2 (G-protein coupled receptor GPCR25) (hGPCR25) (V1r-like receptor 2)"
      },
      {
        "degree": 710,
        "protein_id": "Q8TDU5",
        "protein_name": "Putative vomeronasal receptor-like protein 4 (G-protein coupled receptor GPCR23) (hGPCR23)"
      },
      {
        "degree": 710,
        "protein_id": "Q7Z5H5",
        "protein_name": "Vomeronasal type-1 receptor 4 (G-protein coupled receptor GPCR27) (hGPCR27) (V1r-like receptor 4)"
      },
      {
        "degree": 710,
        "protein_id": "Q9GZP7",
        "protein_name": "Vomeronasal type-1 receptor 1 (G-protein coupled receptor GPCR24) (hGPCR24) (V1r-like receptor 1) (V3r-related gene protein) (Vomeronasal olfactory receptor chromosome 19 subtype I member 1)"
      },
      {
        "degree": 710,
        "protein_id": "Q9BXE9",
        "protein_name": "Vomeronasal type-1 receptor 3 (V1r-like receptor 3)"
      }
    ],
    "total_edges": 714010,
    "total_proteins": 11732,
    "unlabeled_proteins": 9388
  },
  "system": {
    "mongodb_connected": true,
    "neo4j_connected": true,
    "status": "operational"
  }
}
lowel@AcerLB:~/projets/projet_nosql_prot$ curl "http://localhost:5000/api/predictions/A0A0B4J2F0"
{
  "error": "Endpoint not found"
}
lowel@AcerLB:~/projets/projet_nosql_prot$ curl "http://localhost:5000/api/predictions/A0A0C5B5G6"
{
  "error": "Endpoint not found"
}